package main

import (
	"errors"
	"fmt"
	"io"
	"log"
	"math"
)

import (
	"errors"
	"fmt"
	"io"
	"log"
	"math"
)

import (
	"errors"
	"fmt"
	"io"
	"log"
	"math"
)

import (
	// a block with comments
	"errors"
	"fmt" // for Printf
	"io"  // for Reader
	"log" // for Fatal
	"math"
)

import (
	"errors"
	"fmt" // for Printf
	"io"  // for Reader
	"log" // for Fatal
	"math"
)

import (
	// for Printf
	"fmt"
	"math"
	// for Fatal
	"errors"
	"log"
	// for Reader
	"io"
)

import (
	"errors"
	"fmt" // for Printf
	"fmt" // for Printf
	"io"  // for Reader
	"io"  // for Reader
	"log" // for Fatal
	"log" // for Fatal
	"math"
)

import (
	"errors"
	"fmt" // for Printf
	"fmt" // for Printf
	"io"  // for Reader
	"io"  // for Reader
	"log" // for Fatal
	"log" // for Fatal
	"math"
)

// Test deduping and extended sorting
import (
	a "A" // aA
	b "A" // bA1
	b "A" // bA2
	"B"   // B
	. "B" // .B
	_ "B" // _b
	"C"
	a "D" // aD
)

import (
	// A before
	"A" // A inline
	// A after
	// B before
	"B" // B inline
	// B after
)

import (
	// A before
	"A" // A inline
	// A after
)

import (
	"dedup_by_group"
)
