package blah

import "a"
import (
	"b"
)
import (
	"c"
)

type A struct{}
type B struct {
}

var C int
var (
	E int
	D string
)

func f() int {
	// ast

	// blah
	/*s
	 */
	return 1
}

func f2() int {}

func f22() {}

// blah
// blah
func f3() {}

func f4() {

	// blah
}

func f5() {
	return 5
}

func f6() {
	if x {
		if y {
			fmt.Print("hi")
		}
	}
}
